{
    "name": "vendor/Fixture",
    "description": "Presents most supported styles for TYPO3 backend modules. Mocks typography, tables, forms, buttons, flash messages and helpers. More at https://github.com/TYPO3/styleguide",
    "license": "GPL-2.0-or-later",
    "authors": [
        {
            "name": "TYPO3 Core Team",
            "email": "typo3cms@typo3.org"
        }
    ],
    "type": "typo3-cms-extension",
    "require": {
        "typo3/cms-core": "*",
        "gridelementsteam/gridelements": "*"
    },
    "autoload": {
        "classmap": [
            "Classes",
            "a-class.php"
        ],
        "psr-4": {
            "Vendor\\ExtName\\": "Classes"
        }
    },
    "autoload-dev": {
        "psr-4": {
            "Vendor\\ExtName\\Tests": "Tests"
        }
    },
    "extra": {
        "typo3/cms": {
            "extension-key": "Fixture"
        }
    },
    "conflict": {
        "typo3/cms-extbase": "*"
    },
    "version": "11.0.0"
}
